[Bootstrap]
SetupTitle=Install
SetupText=Copying Files, please stand by.
CabFile=Project1.CAB
Spawn=Setup1.exe
Uninstal=st6unst.exe
TmpDir=msftqws.pdw
Cabs=1

[Bootstrap Files]
File1=@COMCAT.DLL,$(WinSysPathSysFile),$(DLLSelfRegister),,5/31/98 1:00:00 AM,22288,4.71.1460.1
File2=@VB6STKIT.DLL,$(WinSysPathSysFile),,,6/18/98 1:00:00 AM,102912,6.0.81.69
File3=@MSVCRT40.DLL,$(WinSysPathSysFile),,,5/31/98 1:00:00 AM,326656,4.21.0.0
File4=@stdole2.tlb,$(WinSysPathSysFile),$(TLBRegister),,12/7/19 2:09:11 AM,18432,6.2.19041.1
File5=@asycfilt.dll,$(WinSysPathSysFile),,,12/7/19 2:09:30 AM,74752,6.2.19041.1
File6=@olepro32.dll,$(WinSysPathSysFile),$(DLLSelfRegister),,9/1/21 9:54:17 AM,88576,6.2.19041.84
File7=@oleaut32.dll,$(WinSysPathSysFile),$(DLLSelfRegister),,9/1/21 9:54:02 AM,606888,6.2.19041.985
File8=@msvbvm60.dll,$(WinSysPathSysFile),$(DLLSelfRegister),,9/1/21 9:54:27 AM,1436032,6.0.98.48

[IconGroups]
Group0=Guess The Flag
PrivateGroup0=True
Parent0=$(Programs)

[Guess The Flag]
Icon1="Project1.exe"
Title1=Guess The Flag
StartIn1=$(AppPath)

[Setup]
Title=Guess The Flag
DefaultDir=$(ProgramFiles)\Guess The Flag
AppExe=Project1.EXE
AppToUninstall=Project1.EXE

[Setup1 Files]
File1=@ODKOB32.DLL,$(WinSysPath),,$(Shared),6/18/98 1:00:00 AM,16896,4.0.81.69
File2=@RACREG32.DLL,$(WinSysPath),$(DLLSelfRegister),$(Shared),6/18/98 1:00:00 AM,32768,6.0.0.8169
File3=@Mscomctl.ocx,$(WinSysPath),$(DLLSelfRegister),$(Shared),3/18/19 4:10:10 AM,1070232,6.1.98.46
File4=@RACMGR32.EXE,$(WinSysPath),,$(Shared),6/18/98 1:00:00 AM,61440,6.0.0.8169
File5=@AUTPRX32.DLL,$(WinSysPath),$(DLLSelfRegister),$(Shared),5/31/98 1:00:00 AM,140288,5.0.37.15
File6=@AUTMGR32.EXE,$(WinSysPath),$(EXESelfRegister),$(Shared),4/24/98 1:00:00 AM,153088,5.0.37.15
File7=@VB5DB.DLL,$(WinSysPath),,$(Shared),6/18/98 1:00:00 AM,89360,6.0.81.69
File8=@MSREPL35.DLL,$(WinSysPathSysFile),,,4/24/98 1:00:00 AM,407312,3.51.623.0
File9=@MSRD2X35.DLL,$(WinSysPathSysFile),$(DLLSelfRegister),,4/24/98 1:00:00 AM,252176,3.51.623.0
File10=@expsrv.dll,$(WinSysPathSysFile),,,12/7/19 2:09:29 AM,380957,6.0.72.9589
File11=@vbajet32.dll,$(WinSysPathSysFile),,,12/7/19 2:09:29 AM,30749,6.0.1.9431
File12=@MSJINT35.DLL,$(WinSysPathSysFile),,,4/24/98 1:00:00 AM,123664,3.51.623.0
File13=@MSJTER35.DLL,$(WinSysPathSysFile),,,4/24/98 1:00:00 AM,24848,3.51.623.0
File14=@MSJET35.DLL,$(WinSysPathSysFile),$(DLLSelfRegister),,4/24/98 1:00:00 AM,1045776,3.51.623.4
File15=@DAO350.DLL,$(MSDAOPath),$(DLLSelfRegister),$(Shared),4/27/98 1:00:00 AM,570128,3.51.1608.0
File16=@Project1.exe,$(AppPath),,$(Shared),7/1/22 1:06:38 PM,3186688,1.0.0.0

; The following lines may be deleted in order to obtain extra 
; space for customizing this file on a full installation diskette.
; 
; XXXXXXXXXXXXXXXXXXXXXXXXXXXXXXXXXXXXXXXXXXXXXXXXXXXXXXXXXXXX
; XXXXXXXXXXXXXXXXXXXXXXXXXXXXXXXXXXXXXXXXXXXXXXXXXXXXXXXXXXXX
; XXXXXXXXXXXXXXXXXXXXXXXXXXXXXXXXXXXXXXXXXXXXXXXXXXXXXXXXXXXX
; XXXXXXXXXXXXXXXXXXXXXXXXXXXXXXXXXXXXXXXXXXXXXXXXXXXXXXXXXXXX
; XXXXXXXXXXXXXXXXXXXXXXXXXXXXXXXXXXXXXXXXXXXXXXXXXXXXXXXXXXXX
; XXXXXXXXXXXXXXXXXXXXXXXXXXXXXXXXXXXXXXXXXXXXXXXXXXXXXXXXXXXX
; XXXXXXXXXXXXXXXXXXXXXXXXXXXXXXXXXXXXXXXXXXXXXXXXXXXXXXXXXXXX
; XXXXXXXXXXXXXXXXXXXXXXXXXXXXXXXXXXXXXXXXXXXXXXXXXXXXXXXXXXXX
; XXXXXXXXXXXXXXXXXXXXXXXXXXXXXXXXXXXXXXXXXXXXXXXXXXXXXXXXXXXX
; XXXXXXXXXXXXXXXXXXXXXXXXXXXXXXXXXXXXXXXXXXXXXXXXXXXXXXXXXXXX
; XXXXXXXXXXXXXXXXXXXXXXXXXXXXXXXXXXXXXXXXXXXXXXXXXXXXXXXXXXXX
; XXXXXXXXXXXXXXXXXXXXXXXXXXXXXXXXXXXXXXXXXXXXXXXXXXXXXXXXXXXX
; XXXXXXXXXXXXXXXXXXXXXXXXXXXXXXXXXXXXXXXXXXXXXXXXXXXXXXXXXXXX
; XXXXXXXXXXXXXXXXXXXXXXXXXXXXXXXXXXXXXXXXXXXXXXXXXXXXXXXXXXXX
; XXXXXXXXXXXXXXXXXXXXXXXXXXXXXXXXXXXXXXXXXXXXXXXXXXXXXXXXXXXX
; XXXXXXXXXXXXXXXXXXXXXXXXXXXXXXXXXXXXXXXXXXXXXXXXXXXXXXXXXXXX
; XXXXXXXXXXXXXXXXXXXXXXXXXXXXXXXXXXXXXXXXXXXXXXXXXXXXXXXXXXXX
; XXXXXXXXXXXXXXXXXXXXXXXXXXXXXXXXXXXXXXXXXXXXXXXXXXXXXXXXXXXX
; XXXXXXXXXXXXXXXXXXXXXXXXXXXXXXXXXXXXXXXXXXXXXXXXXXXXXXXXXXXX
; XXXXXXXXXXXXXXXXXXXXXXXXXXXXXXXXXXXXXXXXXXXXXXXXXXXXXXXXXXXX
; XXXXXXXXXXXXXXXXXXXXXXXXXXXXXXXXXXXXXXXXXXXXXXXXXXXXXXXXXXXX
; XXXXXXXXXXXXXXXXXXXXXXXXXXXXXXXXXXXXXXXXXXXXXXXXXXXXXXXXXXXX
; XXXXXXXXXXXXXXXXXXXXXXXXXXXXXXXXXXXXXXXXXXXXXXXXXXXXXXXXXXXX
; XXXXXXXXXXXXXXXXXXXXXXXXXXXXXXXXXXXXXXXXXXXXXXXXXXXXXXXXXXXX
; XXXXXXXXXXXXXXXXXXXXXXXXXXXXXXXXXXXXXXXXXXXXXXXXXXXXXXXXXXXX
; XXXXXXXXXXXXXXXXXXXXXXXXXXXXXXXXXXXXXXXXXXXXXXXXXXXXXXXXXXXX
; XXXXXXXXXXXXXXXXXXXXXXXXXXXXXXXXXXXXXXXXXXXXXXXXXXXXXXXXXXXX
; XXXXXXXXXXXXXXXXXXXXXXXXXXXXXXXXXXXXXXXXXXXXXXXXXXXXXXXXXXXX
; XXXXXXXXXXXXXXXXXXXXXXXXXXXXXXXXXXXXXXXXXXXXXXXXXXXXXXXXXXXX
; XXXXXXXXXXXXXXXXXXXXXXXXXXXXXXXXXXXXXXXXXXXXXXXXXXXXXXXXXXXX
; XXXXXXXXXXXXXXXXXXXXXXXXXXXXXXXXXXXXXXXXXXXXXXXXXXXXXXXXXXXX
; XXXXXXXXXXXXXXXXXXXXXXXXXXXXXXXXXXXXXXXXXXXXXXXXXXXXXXXXXXXX
; XXXXXXXXXXXXXXXXXXXXXXXXXXXXXXXXXXXXXXXXXXXXXXXXXXXXXXXXXXXX
; XXXXXXXXXXXXXXXXXXXXXXXXXXXXXXXXXXXXXXXXXXXXXXXXXXXXXXXXXXXX
; XXXXXXXXXXXXXXXXXXXXXXXXXXXXXXXXXXXXXXXXXXXXXXXXXXXXXXXXXXXX
